dotnet watch : Hot reload enabled. For a list of supported edits, see https://aka.ms/dotnet/hot-reload.
dotnet watch : Press Ctrl+R to restart.
dotnet watch : Building /home/user/faro-editor/spikes/HotReloadMethodInfo/HotReloadMethodInfo.csproj ...
dotnet watch : Build succeeded: /home/user/faro-editor/spikes/HotReloadMethodInfo/HotReloadMethodInfo.csproj
cached=v1 fresh=v1 sameHandle=True
cached=v1 fresh=v1 sameHandle=True
cached=v1 fresh=v1 sameHandle=True
cached=v1 fresh=v1 sameHandle=True
cached=v1 fresh=v1 sameHandle=True
dotnet watch : File updated: ./watch.log
dotnet watch : No C# changes to apply.
dotnet watch : File updated: ./watch.log
dotnet watch : No C# changes to apply.
dotnet watch : File updated: ./watch.log
dotnet watch : No C# changes to apply.
dotnet watch : File updated: ./watch.log
dotnet watch : No C# changes to apply.
dotnet watch : File updated: ./watch.log
dotnet watch : No C# changes to apply.
cached=v1 fresh=v1 sameHandle=True
dotnet watch : File updated: ./watch.log
dotnet watch : No C# changes to apply.
dotnet watch : File updated: ./watch.log
dotnet watch : No C# changes to apply.
dotnet watch : File updated: ./watch.log
dotnet watch : No C# changes to apply.
dotnet watch : File updated: ./watch.log
dotnet watch : No C# changes to apply.
dotnet watch : File updated: ./watch.log
dotnet watch : No C# changes to apply.
dotnet watch : File updated: ./watch.log
dotnet watch : No C# changes to apply.
dotnet watch : File updated: ./watch.log
dotnet watch : No C# changes to apply.
dotnet watch : File updated: ./watch.log
dotnet watch : No C# changes to apply.
dotnet watch : File updated: ./watch.log
dotnet watch : No C# changes to apply.
dotnet watch : File updated: ./watch.log
dotnet watch : No C# changes to apply.
cached=v1 fresh=v1 sameHandle=True
dotnet watch : File updated: ./watch.log
dotnet watch : No C# changes to apply.
dotnet watch : File updated: ./watch.log
dotnet watch : No C# changes to apply.
dotnet watch : File updated: ./watch.log
dotnet watch : No C# changes to apply.
dotnet watch : File updated: ./watch.log
dotnet watch : No C# changes to apply.
dotnet watch : File updated: ./watch.log
dotnet watch : No C# changes to apply.
dotnet watch : File updated: ./watch.log
dotnet watch : No C# changes to apply.
dotnet watch : File updated: ./watch.log
dotnet watch : No C# changes to apply.
dotnet watch : File updated: ./watch.log
dotnet watch : No C# changes to apply.
dotnet watch : File updated: ./watch.log
dotnet watch : No C# changes to apply.
cached=v1 fresh=v1 sameHandle=True
dotnet watch : File updated: ./watch.log
dotnet watch : No C# changes to apply.
dotnet watch : File updated: ./watch.log
dotnet watch : No C# changes to apply.
dotnet watch : File updated: ./watch.log
dotnet watch : No C# changes to apply.
dotnet watch : File updated: ./watch.log
dotnet watch : No C# changes to apply.
dotnet watch : File updated: ./watch.log
dotnet watch : No C# changes to apply.
dotnet watch : File updated: ./watch.log
dotnet watch : No C# changes to apply.
dotnet watch : File updated: ./watch.log
dotnet watch : No C# changes to apply.
dotnet watch : File updated: ./watch.log
dotnet watch : No C# changes to apply.
dotnet watch : File updated: ./watch.log
dotnet watch : No C# changes to apply.
dotnet watch : File updated: ./watch.log
dotnet watch : No C# changes to apply.
cached=v1 fresh=v1 sameHandle=True
dotnet watch : File updated: ./watch.log
dotnet watch : No C# changes to apply.
dotnet watch : File updated: ./watch.log
dotnet watch : No C# changes to apply.
dotnet watch : File updated: ./watch.log
dotnet watch : No C# changes to apply.
dotnet watch : File updated: ./watch.log
dotnet watch : No C# changes to apply.
dotnet watch : File updated: ./watch.log
dotnet watch : No C# changes to apply.
dotnet watch : File updated: ./watch.log
dotnet watch : No C# changes to apply.
dotnet watch : File updated: ./watch.log
dotnet watch : No C# changes to apply.
dotnet watch : File updated: ./watch.log
dotnet watch : No C# changes to apply.
dotnet watch : File updated: ./watch.log
dotnet watch : No C# changes to apply.
dotnet watch : File updated: ./watch.log
dotnet watch : No C# changes to apply.
cached=v1 fresh=v1 sameHandle=True
dotnet watch : File updated: ./watch.log
dotnet watch : No C# changes to apply.
dotnet watch : File updated: ./watch.log
dotnet watch : No C# changes to apply.
dotnet watch : File updated: ./watch.log
dotnet watch : No C# changes to apply.
dotnet watch : File updated: ./watch.log
dotnet watch : No C# changes to apply.
dotnet watch : File updated: ./watch.log
dotnet watch : No C# changes to apply.
dotnet watch : File updated: ./watch.log
dotnet watch : No C# changes to apply.
dotnet watch : File updated: ./watch.log
dotnet watch : No C# changes to apply.
dotnet watch : File updated: ./watch.log
dotnet watch : No C# changes to apply.
dotnet watch : File updated: ./watch.log
dotnet watch : No C# changes to apply.
cached=v1 fresh=v1 sameHandle=True
dotnet watch : File updated: ./watch.log
dotnet watch : No C# changes to apply.
dotnet watch : File updated: ./watch.log
dotnet watch : No C# changes to apply.
dotnet watch : File updated: ./watch.log
dotnet watch : No C# changes to apply.
dotnet watch : File updated: ./watch.log
dotnet watch : No C# changes to apply.
dotnet watch : File updated: ./watch.log
dotnet watch : No C# changes to apply.
dotnet watch : File updated: ./watch.log
dotnet watch : No C# changes to apply.
dotnet watch : File updated: ./watch.log
dotnet watch : No C# changes to apply.
dotnet watch : File updated: ./watch.log
dotnet watch : No C# changes to apply.
dotnet watch : File updated: ./watch.log
dotnet watch : No C# changes to apply.
dotnet watch : File updated: ./watch.log
dotnet watch : No C# changes to apply.
cached=v1 fresh=v1 sameHandle=True
dotnet watch : File updated: ./watch.log
dotnet watch : No C# changes to apply.
dotnet watch : File updated: ./watch.log
dotnet watch : No C# changes to apply.
dotnet watch : File updated: ./watch.log
dotnet watch : No C# changes to apply.
dotnet watch : File updated: ./watch.log
dotnet watch : No C# changes to apply.
dotnet watch : File updated: ./watch.log
dotnet watch : No C# changes to apply.
dotnet watch : File updated: ./watch.log
dotnet watch : No C# changes to apply.
dotnet watch : File updated: ./watch.log
dotnet watch : No C# changes to apply.
dotnet watch : File updated: ./watch.log
dotnet watch : No C# changes to apply.
dotnet watch : File updated: ./watch.log
dotnet watch : No C# changes to apply.
cached=v1 fresh=v1 sameHandle=True
dotnet watch : File updated: ./watch.log
dotnet watch : No C# changes to apply.
dotnet watch : File updated: ./watch.log
dotnet watch : No C# changes to apply.
dotnet watch : File updated: ./watch.log
dotnet watch : No C# changes to apply.
dotnet watch : File updated: ./watch.log
dotnet watch : No C# changes to apply.
dotnet watch : File updated: ./watch.log
dotnet watch : No C# changes to apply.
dotnet watch : File updated: ./watch.log
dotnet watch : No C# changes to apply.
dotnet watch : File updated: ./watch.log
dotnet watch : No C# changes to apply.
dotnet watch : File updated: ./watch.log
dotnet watch : No C# changes to apply.
dotnet watch : File updated: ./watch.log
dotnet watch : No C# changes to apply.
dotnet watch : File updated: ./watch.log
dotnet watch : No C# changes to apply.
cached=v1 fresh=v1 sameHandle=True
dotnet watch : File updated: ./watch.log
dotnet watch : No C# changes to apply.
dotnet watch : File updated: ./watch.log
dotnet watch : No C# changes to apply.
dotnet watch : File updated: ./watch.log
dotnet watch : No C# changes to apply.
dotnet watch : File updated: ./watch.log
dotnet watch : No C# changes to apply.
dotnet watch : File updated: ./watch.log
dotnet watch : No C# changes to apply.
dotnet watch : File updated: ./watch.log
dotnet watch : No C# changes to apply.
dotnet watch : File updated: ./watch.log
dotnet watch : No C# changes to apply.
dotnet watch : File updated: ./watch.log
dotnet watch : No C# changes to apply.
dotnet watch : File updated: ./watch.log
dotnet watch : No C# changes to apply.
dotnet watch : File updated: ./watch.log
dotnet watch : No C# changes to apply.
cached=v1 fresh=v1 sameHandle=True
dotnet watch : File updated: ./watch.log
dotnet watch : No C# changes to apply.
dotnet watch : File updated: ./watch.log
dotnet watch : No C# changes to apply.
dotnet watch : File updated: ./watch.log
dotnet watch : No C# changes to apply.
dotnet watch : File updated: ./watch.log
dotnet watch : No C# changes to apply.
dotnet watch : File updated: ./watch.log
dotnet watch : No C# changes to apply.
dotnet watch : File updated: ./watch.log
dotnet watch : No C# changes to apply.
dotnet watch : File updated: ./watch.log
dotnet watch : No C# changes to apply.
dotnet watch : File updated: ./watch.log
dotnet watch : No C# changes to apply.
dotnet watch : File updated: ./watch.log
dotnet watch : No C# changes to apply.
cached=v1 fresh=v1 sameHandle=True
dotnet watch : File updated: ./watch.log
dotnet watch : No C# changes to apply.
dotnet watch : File updated: ./watch.log
dotnet watch : No C# changes to apply.
dotnet watch : File updated: ./watch.log
dotnet watch : No C# changes to apply.
dotnet watch : File updated: ./watch.log
dotnet watch : No C# changes to apply.
dotnet watch : File updated: ./watch.log
dotnet watch : No C# changes to apply.
dotnet watch : File updated: ./watch.log
dotnet watch : No C# changes to apply.
dotnet watch : File updated: ./watch.log
dotnet watch : No C# changes to apply.
dotnet watch : File updated: ./watch.log
dotnet watch : No C# changes to apply.
dotnet watch : File updated: ./watch.log
dotnet watch : No C# changes to apply.
dotnet watch : File updated: ./watch.log
dotnet watch : No C# changes to apply.
cached=v1 fresh=v1 sameHandle=True
dotnet watch : File updated: ./watch.log
dotnet watch : No C# changes to apply.
dotnet watch : File updated: ./watch.log
dotnet watch : No C# changes to apply.
dotnet watch : File updated: ./watch.log
dotnet watch : No C# changes to apply.
dotnet watch : File updated: ./watch.log
dotnet watch : No C# changes to apply.
dotnet watch : File updated: ./watch.log
dotnet watch : No C# changes to apply.
dotnet watch : File updated: ./watch.log
dotnet watch : No C# changes to apply.
dotnet watch : File updated: ./watch.log
dotnet watch : No C# changes to apply.
dotnet watch : File updated: ./watch.log
dotnet watch : No C# changes to apply.
dotnet watch : File updated: ./watch.log
dotnet watch : No C# changes to apply.
dotnet watch : File updated: ./watch.log
dotnet watch : No C# changes to apply.
cached=v1 fresh=v1 sameHandle=True
dotnet watch : File updated: ./watch.log
dotnet watch : No C# changes to apply.
dotnet watch : File updated: ./watch.log
dotnet watch : No C# changes to apply.
dotnet watch : File updated: ./watch.log
dotnet watch : No C# changes to apply.
dotnet watch : File updated: ./watch.log
dotnet watch : No C# changes to apply.
dotnet watch : File updated: ./watch.log
dotnet watch : No C# changes to apply.
dotnet watch : File updated: ./watch.log
dotnet watch : No C# changes to apply.
dotnet watch : File updated: ./watch.log
dotnet watch : No C# changes to apply.
dotnet watch : File updated: ./watch.log
dotnet watch : No C# changes to apply.
dotnet watch : File updated: ./watch.log
dotnet watch : No C# changes to apply.
cached=v1 fresh=v1 sameHandle=True
dotnet watch : File updated: ./watch.log
dotnet watch : No C# changes to apply.
dotnet watch : File updated: ./watch.log
dotnet watch : No C# changes to apply.
dotnet watch : File updated: ./watch.log
dotnet watch : No C# changes to apply.
dotnet watch : File updated: ./watch.log
dotnet watch : No C# changes to apply.
dotnet watch : File updated: ./watch.log
dotnet watch : No C# changes to apply.
dotnet watch : File updated: ./watch.log
dotnet watch : No C# changes to apply.
dotnet watch : File updated: ./watch.log
dotnet watch : No C# changes to apply.
dotnet watch : File updated: ./watch.log
dotnet watch : No C# changes to apply.
dotnet watch : File updated: ./watch.log
dotnet watch : No C# changes to apply.
dotnet watch : File updated: ./watch.log
dotnet watch : No C# changes to apply.
cached=v1 fresh=v1 sameHandle=True
dotnet watch : File updated: ./watch.log
dotnet watch : No C# changes to apply.
dotnet watch : File updated: ./watch.log
dotnet watch : No C# changes to apply.
dotnet watch : File updated: ./watch.log
dotnet watch : No C# changes to apply.
dotnet watch : File updated: ./watch.log
dotnet watch : No C# changes to apply.
dotnet watch : File updated: ./watch.log
dotnet watch : No C# changes to apply.
dotnet watch : File updated: ./watch.log
dotnet watch : No C# changes to apply.
dotnet watch : File updated: ./watch.log
dotnet watch : No C# changes to apply.
dotnet watch : File updated: ./watch.log
dotnet watch : No C# changes to apply.
dotnet watch : File updated: ./watch.log
dotnet watch : No C# changes to apply.
cached=v1 fresh=v1 sameHandle=True
dotnet watch : File updated: ./watch.log
dotnet watch : No C# changes to apply.
dotnet watch : File updated: ./watch.log
dotnet watch : No C# changes to apply.
dotnet watch : File updated: ./watch.log
dotnet watch : No C# changes to apply.
dotnet watch : File updated: ./watch.log
dotnet watch : No C# changes to apply.
dotnet watch : File updated: ./watch.log
dotnet watch : No C# changes to apply.
dotnet watch : File updated: ./watch.log
dotnet watch : No C# changes to apply.
dotnet watch : File updated: ./watch.log
dotnet watch : No C# changes to apply.
dotnet watch : File updated: ./watch.log
dotnet watch : No C# changes to apply.
dotnet watch : File updated: ./watch.log
dotnet watch : No C# changes to apply.
dotnet watch : File updated: ./watch.log
dotnet watch : No C# changes to apply.
cached=v1 fresh=v1 sameHandle=True
dotnet watch : File updated: ./watch.log
dotnet watch : No C# changes to apply.
dotnet watch : File updated: ./watch.log
dotnet watch : No C# changes to apply.
dotnet watch : File updated: ./watch.log
dotnet watch : No C# changes to apply.
dotnet watch : File updated: ./watch.log
dotnet watch : No C# changes to apply.
